// Jest Snapshot v1, https://goo.gl/fbAQLP

exports[`Main View renders no with data 1`] = `
<View
  style={
    Object {
      "alignContent": "center",
      "alignItems": "center",
      "alignSelf": "center",
      "position": "absolute",
    }
  }
>
  <ActivityIndicator
    color="#178DE7"
    size="large"
  />
</View>
`;

exports[`Main View renders with data 1`] = `
<View
  style={
    Object {
      "flex": 1,
    }
  }
>
  <RCTScrollView
    data={
      Array [
        Object {
          "by": "helsinkiandrew",
          "descendants": 35,
          "id": 31375352,
          "kids": Array [
            31375602,
            31375501,
            31375634,
            31375447,
            31375644,
            31375388,
            31375470,
            31375505,
            31375562,
            31375527,
            31375573,
            31375629,
          ],
          "score": 25,
          "time": 1652506567,
          "title": "Is It Safe to Ship Thousands of Electric Cars on Big Ships?",
          "type": "story",
          "url": "https://www.autoweek.com/news/industry-news/a39951439/is-it-safe-to-ship-thousands-of-electric-cars-on-big-ships/",
        },
        Object {
          "by": "KerrickStaley",
          "descendants": 20,
          "id": 31374364,
          "kids": Array [
            31375110,
            31375017,
            31375731,
            31374965,
            31374844,
            31374677,
            31375042,
            31375351,
            31374971,
            31374629,
            31374681,
            31374793,
            31374850,
          ],
          "score": 128,
          "time": 1652492809,
          "title": "Cursor Dance Party",
          "type": "story",
          "url": "https://www.cursordanceparty.com/",
        },
        Object {
          "by": "memorable",
          "descendants": 9,
          "id": 31374855,
          "kids": Array [
            31375728,
            31375576,
            31375393,
            31375443,
            31375221,
            31375306,
            31375015,
            31374999,
          ],
          "score": 63,
          "time": 1652499098,
          "title": "Making fifty TIC-80 carts in a weekend",
          "type": "story",
          "url": "https://blinry.org/50-tic80-carts/",
        },
        Object {
          "by": "dsr12",
          "descendants": 6,
          "id": 31375169,
          "kids": Array [
            31375537,
            31375584,
            31375640,
            31375654,
            31375625,
          ],
          "score": 47,
          "time": 1652503696,
          "title": "Curl Funds, server hosting and more",
          "type": "story",
          "url": "https://curl.se/mail/lib-2022-05/0017.html",
        },
      ]
    }
    getItem={[Function]}
    getItemCount={[Function]}
    keyExtractor={[Function]}
    onContentSizeChange={[Function]}
    onLayout={[Function]}
    onMomentumScrollBegin={[Function]}
    onMomentumScrollEnd={[Function]}
    onRefresh={[Function]}
    onScroll={[Function]}
    onScrollBeginDrag={[Function]}
    onScrollEndDrag={[Function]}
    refreshControl={
      <RefreshControlMock
        onRefresh={[Function]}
        refreshing={false}
      />
    }
    refreshing={false}
    removeClippedSubviews={false}
    renderItem={[Function]}
    scrollEventThrottle={50}
    stickyHeaderIndices={Array []}
    viewabilityConfigCallbackPairs={Array []}
  >
    <RCTRefreshControl />
    <View>
      <View
        onLayout={[Function]}
        style={null}
      >
        <View
          style={
            Object {
              "borderRadius": 10,
              "elevation": 3,
              "flex": 1,
              "marginBottom": 10,
              "marginHorizontal": 5,
              "padding": 15,
              "shadowColor": "#000000",
              "shadowOffset": Object {
                "height": 1,
                "width": 1,
              },
              "shadowOpacity": 1,
              "shadowRadius": 5,
            }
          }
        >
          <View
            style={
              Object {
                "marginBottom": 10,
              }
            }
          >
            <Text
              style={
                Object {
                  "fontSize": 18,
                }
              }
            >
              Is It Safe to Ship Thousands of Electric Cars on Big Ships?
            </Text>
          </View>
          <View
            accessible={true}
            collapsable={false}
            focusable={true}
            onClick={[Function]}
            onResponderGrant={[Function]}
            onResponderMove={[Function]}
            onResponderRelease={[Function]}
            onResponderTerminate={[Function]}
            onResponderTerminationRequest={[Function]}
            onStartShouldSetResponder={[Function]}
            style={
              Object {
                "flex": 1,
                "marginBottom": 15,
                "opacity": 1,
              }
            }
          >
            <Text
              style={
                Object {
                  "color": "#178DE7",
                  "fontSize": 14,
                }
              }
            >
              View 12 Comment(s)
            </Text>
          </View>
          <View
            style={
              Object {
                "flexDirection": "row",
              }
            }
          >
            <View
              style={
                Object {
                  "flex": 0.75,
                }
              }
            >
              <Text
                style={
                  Object {
                    "fontSize": 12,
                  }
                }
              >
                Sat, 14 May 2022 05:36:07 GMT
              </Text>
            </View>
            <View
              style={
                Object {
                  "flex": 0.25,
                }
              }
            >
              <Text
                style={
                  Object {
                    "fontSize": 12,
                  }
                }
              >
                By: helsinkiandrew
              </Text>
            </View>
          </View>
        </View>
      </View>
      <View
        onLayout={[Function]}
        style={null}
      >
        <View
          style={
            Object {
              "borderRadius": 10,
              "elevation": 3,
              "flex": 1,
              "marginBottom": 10,
              "marginHorizontal": 5,
              "padding": 15,
              "shadowColor": "#000000",
              "shadowOffset": Object {
                "height": 1,
                "width": 1,
              },
              "shadowOpacity": 1,
              "shadowRadius": 5,
            }
          }
        >
          <View
            style={
              Object {
                "marginBottom": 10,
              }
            }
          >
            <Text
              style={
                Object {
                  "fontSize": 18,
                }
              }
            >
              Cursor Dance Party
            </Text>
          </View>
          <View
            accessible={true}
            collapsable={false}
            focusable={true}
            onClick={[Function]}
            onResponderGrant={[Function]}
            onResponderMove={[Function]}
            onResponderRelease={[Function]}
            onResponderTerminate={[Function]}
            onResponderTerminationRequest={[Function]}
            onStartShouldSetResponder={[Function]}
            style={
              Object {
                "flex": 1,
                "marginBottom": 15,
                "opacity": 1,
              }
            }
          >
            <Text
              style={
                Object {
                  "color": "#178DE7",
                  "fontSize": 14,
                }
              }
            >
              View 13 Comment(s)
            </Text>
          </View>
          <View
            style={
              Object {
                "flexDirection": "row",
              }
            }
          >
            <View
              style={
                Object {
                  "flex": 0.75,
                }
              }
            >
              <Text
                style={
                  Object {
                    "fontSize": 12,
                  }
                }
              >
                Sat, 14 May 2022 01:46:49 GMT
              </Text>
            </View>
            <View
              style={
                Object {
                  "flex": 0.25,
                }
              }
            >
              <Text
                style={
                  Object {
                    "fontSize": 12,
                  }
                }
              >
                By: KerrickStaley
              </Text>
            </View>
          </View>
        </View>
      </View>
      <View
        onLayout={[Function]}
        style={null}
      >
        <View
          style={
            Object {
              "borderRadius": 10,
              "elevation": 3,
              "flex": 1,
              "marginBottom": 10,
              "marginHorizontal": 5,
              "padding": 15,
              "shadowColor": "#000000",
              "shadowOffset": Object {
                "height": 1,
                "width": 1,
              },
              "shadowOpacity": 1,
              "shadowRadius": 5,
            }
          }
        >
          <View
            style={
              Object {
                "marginBottom": 10,
              }
            }
          >
            <Text
              style={
                Object {
                  "fontSize": 18,
                }
              }
            >
              Making fifty TIC-80 carts in a weekend
            </Text>
          </View>
          <View
            accessible={true}
            collapsable={false}
            focusable={true}
            onClick={[Function]}
            onResponderGrant={[Function]}
            onResponderMove={[Function]}
            onResponderRelease={[Function]}
            onResponderTerminate={[Function]}
            onResponderTerminationRequest={[Function]}
            onStartShouldSetResponder={[Function]}
            style={
              Object {
                "flex": 1,
                "marginBottom": 15,
                "opacity": 1,
              }
            }
          >
            <Text
              style={
                Object {
                  "color": "#178DE7",
                  "fontSize": 14,
                }
              }
            >
              View 8 Comment(s)
            </Text>
          </View>
          <View
            style={
              Object {
                "flexDirection": "row",
              }
            }
          >
            <View
              style={
                Object {
                  "flex": 0.75,
                }
              }
            >
              <Text
                style={
                  Object {
                    "fontSize": 12,
                  }
                }
              >
                Sat, 14 May 2022 03:31:38 GMT
              </Text>
            </View>
            <View
              style={
                Object {
                  "flex": 0.25,
                }
              }
            >
              <Text
                style={
                  Object {
                    "fontSize": 12,
                  }
                }
              >
                By: memorable
              </Text>
            </View>
          </View>
        </View>
      </View>
      <View
        onLayout={[Function]}
        style={null}
      >
        <View
          style={
            Object {
              "borderRadius": 10,
              "elevation": 3,
              "flex": 1,
              "marginBottom": 10,
              "marginHorizontal": 5,
              "padding": 15,
              "shadowColor": "#000000",
              "shadowOffset": Object {
                "height": 1,
                "width": 1,
              },
              "shadowOpacity": 1,
              "shadowRadius": 5,
            }
          }
        >
          <View
            style={
              Object {
                "marginBottom": 10,
              }
            }
          >
            <Text
              style={
                Object {
                  "fontSize": 18,
                }
              }
            >
              Curl Funds, server hosting and more
            </Text>
          </View>
          <View
            accessible={true}
            collapsable={false}
            focusable={true}
            onClick={[Function]}
            onResponderGrant={[Function]}
            onResponderMove={[Function]}
            onResponderRelease={[Function]}
            onResponderTerminate={[Function]}
            onResponderTerminationRequest={[Function]}
            onStartShouldSetResponder={[Function]}
            style={
              Object {
                "flex": 1,
                "marginBottom": 15,
                "opacity": 1,
              }
            }
          >
            <Text
              style={
                Object {
                  "color": "#178DE7",
                  "fontSize": 14,
                }
              }
            >
              View 5 Comment(s)
            </Text>
          </View>
          <View
            style={
              Object {
                "flexDirection": "row",
              }
            }
          >
            <View
              style={
                Object {
                  "flex": 0.75,
                }
              }
            >
              <Text
                style={
                  Object {
                    "fontSize": 12,
                  }
                }
              >
                Sat, 14 May 2022 04:48:16 GMT
              </Text>
            </View>
            <View
              style={
                Object {
                  "flex": 0.25,
                }
              }
            >
              <Text
                style={
                  Object {
                    "fontSize": 12,
                  }
                }
              >
                By: dsr12
              </Text>
            </View>
          </View>
        </View>
      </View>
    </View>
  </RCTScrollView>
</View>
`;
